// Jest Snapshot v1, https://goo.gl/fbAQLP

exports[`App App levanta sin problemas 1`] = `
<div>
  <Barra />
  <WithStyles(ForwardRef(Container))
    maxWidth="lg"
  >
    <ManejadorDeErrores>
      <Switch>
        <Route
          component={[Function]}
          exact={true}
          path="/"
        />
        <Route
          component={[Function]}
          path="/registro"
        />
        <Route
          component={[Function]}
          path="/peluquero/registro"
        />
        <Component
          component={[Function]}
          path="/perfil"
        />
        <Component
          component={[Function]}
          path="/peluquero/perfil"
        />
        <Route
          component={[Function]}
          path="/search"
        />
        <Route
          component={[Function]}
          path="/contratar"
        />
        <Route
          component={[Function]}
          path="*"
        />
      </Switch>
    </ManejadorDeErrores>
  </WithStyles(ForwardRef(Container))>
</div>
`;
