// Jest Snapshot v1, https://goo.gl/fbAQLP

exports[`App App levanta en loading 1`] = `
<WithStyles(ForwardRef(LinearProgress))
  color="secondary"
/>
`;

exports[`App App levanta sin problemas 1`] = `
<Fragment>
  <Header
    color="primary"
  >
    <ContenidoHeader />
  </Header>
  <DrawerSidebar
    sidebarId="primarySidebar"
  >
    <SidebarContent>
      <Can>
        <Registrado>
          <ContenidoBarraLateral />
        </Registrado>
      </Can>
    </SidebarContent>
    <CollapseBtnStyled />
  </DrawerSidebar>
  <Content>
    <ContenidoCuerpo />
  </Content>
</Fragment>
`;
